// Jest Snapshot v1, https://goo.gl/fbAQLP

exports[`renders Cancel Payment page 1`] = `
<div>
  <h1>
    Cancel payment
  </h1>
</div>
`;
