// Jest Snapshot v1, https://goo.gl/fbAQLP

exports[`Portfolio Analysis Page Render page 1`] = `
<div>
  <h1>
    Success payment
  </h1>
</div>
`;
