// Jest Snapshot v1, https://goo.gl/fbAQLP

exports[`test at FormPercentageRebalance    should match snapshot 1`] = `ReactWrapper {}`;
