// Jest Snapshot v1, https://goo.gl/fbAQLP

exports[`Test at potential savings component snapshot 1`] = `ReactWrapper {}`;
