// Jest Snapshot v1, https://goo.gl/fbAQLP

exports[`test in Backtest tab match snapshot 1`] = `ReactWrapper {}`;
