// Jest Snapshot v1, https://goo.gl/fbAQLP

exports[`Test in Trades tab snapshot 1`] = `ShallowWrapper {}`;
