// Jest Snapshot v1, https://goo.gl/fbAQLP

exports[`renders Buying Power Page 1`] = `
<div>
  <div
    class="mx-10 mt-8 bg-white p-4 rounded-2xl relative balance"
  >
    <div
      class="flex buying-power"
    >
      <h3
        class="font-semibold text-[26px] text-[#2d405a]"
      >
        Buying Power
      </h3>
      <h3
        class="font-semibold text-[26px] text-[#2d405a] buying-power-value"
      >
        $ 0
      </h3>
    </div>
  </div>
</div>
`;
