// Jest Snapshot v1, https://goo.gl/fbAQLP

exports[`My investments tests renders My investments 1`] = `
<div>
  <div
    class="mx-10 mt-8 bg-white p-4 rounded-2xl relative balance"
  >
    <div
      class="flex buying-power"
    >
      <h3
        class="font-semibold text-[26px] text-[#2d405a]"
      >
        My Investments
      </h3>
    </div>
    <div
      class="p-4 flex justify-center items-center"
    >
      <span
        class="text-lg text-neutral-500 font-semibold"
      />
    </div>
  </div>
</div>
`;
