// Jest Snapshot v1, https://goo.gl/fbAQLP

exports[`Rebalance Backtest - Daily Returns component Snapshot 1`] = `
<div>
  <div />
</div>
`;
