// Jest Snapshot v1, https://goo.gl/fbAQLP

exports[`test Totals Universe screening 1`] = `
<div>
  <div
    class="grid grid-cols-4 gap-6 relative transition-all duration-100"
  >
    <div
      class="CustomizationBox !bg-white"
    >
      <img
        alt=""
        src="investment.png"
      />
      <div
        class="presentation"
      >
        <p>
          505
        </p>
        <h1>
          Number of positions
        </h1>
      </div>
    </div>
    <div
      class="CustomizationBox !bg-white"
    >
      <button
        class="moreinfo info-totals text-[#0BACA9]"
      >
        <svg
          fill="currentColor"
          height="14"
          viewBox="0 0 14 14"
          width="14"
          xmlns="http://www.w3.org/2000/svg"
        >
          <path
            d="M6.83918 1.39157C5.38809 1.39157 3.99643 1.97801 2.97036 3.02189C1.94428 4.06576 1.36784 5.48156 1.36784 6.95783C1.36784 8.43409 1.94428 9.84989 2.97036 10.8938C3.99643 11.9376 5.38809 12.5241 6.83918 12.5241C8.29027 12.5241 9.68193 11.9376 10.708 10.8938C11.7341 9.84989 12.3105 8.43409 12.3105 6.95783C12.3105 5.48156 11.7341 4.06576 10.708 3.02189C9.68193 1.97801 8.29027 1.39157 6.83918 1.39157ZM0 6.95783C0 3.11502 3.0619 0 6.83918 0C10.6165 0 13.6784 3.11502 13.6784 6.95783C13.6784 10.8006 10.6165 13.9157 6.83918 13.9157C3.0619 13.9157 0 10.8006 0 6.95783Z"
          />
          <path
            d="M6.83838 5.56633C7.01976 5.56633 7.19372 5.63964 7.32198 5.77012C7.45024 5.90061 7.5223 6.07758 7.5223 6.26212V10.4368C7.5223 10.6213 7.45024 10.7983 7.32198 10.9288C7.19372 11.0593 7.01976 11.1326 6.83838 11.1326C6.65699 11.1326 6.48303 11.0593 6.35477 10.9288C6.22651 10.7983 6.15446 10.6213 6.15446 10.4368V6.26212C6.15446 6.07758 6.22651 5.90061 6.35477 5.77012C6.48303 5.63964 6.65699 5.56633 6.83838 5.56633ZM7.86425 3.82688C7.86425 4.10368 7.75617 4.36914 7.56378 4.56487C7.37139 4.76059 7.11046 4.87055 6.83838 4.87055C6.5663 4.87055 6.30536 4.76059 6.11297 4.56487C5.92058 4.36914 5.8125 4.10368 5.8125 3.82688C5.8125 3.55008 5.92058 3.28461 6.11297 3.08889C6.30536 2.89316 6.5663 2.7832 6.83838 2.7832C7.11046 2.7832 7.37139 2.89316 7.56378 3.08889C7.75617 3.28461 7.86425 3.55008 7.86425 3.82688Z"
          />
        </svg>
      </button>
      <img
        alt=""
        src="cap.png"
      />
      <div
        class="presentation"
      >
        <p>
          $ 38,135,686.87
        </p>
        <h1>
          Avg. market cap
        </h1>
      </div>
    </div>
    <div
      class="CustomizationBox !bg-white"
    >
      <button
        class="moreinfo info-totals text-[#0BACA9]"
      >
        <svg
          fill="currentColor"
          height="14"
          viewBox="0 0 14 14"
          width="14"
          xmlns="http://www.w3.org/2000/svg"
        >
          <path
            d="M6.83918 1.39157C5.38809 1.39157 3.99643 1.97801 2.97036 3.02189C1.94428 4.06576 1.36784 5.48156 1.36784 6.95783C1.36784 8.43409 1.94428 9.84989 2.97036 10.8938C3.99643 11.9376 5.38809 12.5241 6.83918 12.5241C8.29027 12.5241 9.68193 11.9376 10.708 10.8938C11.7341 9.84989 12.3105 8.43409 12.3105 6.95783C12.3105 5.48156 11.7341 4.06576 10.708 3.02189C9.68193 1.97801 8.29027 1.39157 6.83918 1.39157ZM0 6.95783C0 3.11502 3.0619 0 6.83918 0C10.6165 0 13.6784 3.11502 13.6784 6.95783C13.6784 10.8006 10.6165 13.9157 6.83918 13.9157C3.0619 13.9157 0 10.8006 0 6.95783Z"
          />
          <path
            d="M6.83838 5.56633C7.01976 5.56633 7.19372 5.63964 7.32198 5.77012C7.45024 5.90061 7.5223 6.07758 7.5223 6.26212V10.4368C7.5223 10.6213 7.45024 10.7983 7.32198 10.9288C7.19372 11.0593 7.01976 11.1326 6.83838 11.1326C6.65699 11.1326 6.48303 11.0593 6.35477 10.9288C6.22651 10.7983 6.15446 10.6213 6.15446 10.4368V6.26212C6.15446 6.07758 6.22651 5.90061 6.35477 5.77012C6.48303 5.63964 6.65699 5.56633 6.83838 5.56633ZM7.86425 3.82688C7.86425 4.10368 7.75617 4.36914 7.56378 4.56487C7.37139 4.76059 7.11046 4.87055 6.83838 4.87055C6.5663 4.87055 6.30536 4.76059 6.11297 4.56487C5.92058 4.36914 5.8125 4.10368 5.8125 3.82688C5.8125 3.55008 5.92058 3.28461 6.11297 3.08889C6.30536 2.89316 6.5663 2.7832 6.83838 2.7832C7.11046 2.7832 7.37139 2.89316 7.56378 3.08889C7.75617 3.28461 7.86425 3.55008 7.86425 3.82688Z"
          />
        </svg>
      </button>
      <img
        alt=""
        src="price.png"
      />
      <div
        class="presentation"
      >
        <p>
          30
        </p>
        <h1>
          Price per earnings
        </h1>
      </div>
    </div>
    <div
      class="CustomizationBox !bg-white"
    >
      <button
        class="moreinfo info-totals text-[#0BACA9]"
      >
        <svg
          fill="currentColor"
          height="14"
          viewBox="0 0 14 14"
          width="14"
          xmlns="http://www.w3.org/2000/svg"
        >
          <path
            d="M6.83918 1.39157C5.38809 1.39157 3.99643 1.97801 2.97036 3.02189C1.94428 4.06576 1.36784 5.48156 1.36784 6.95783C1.36784 8.43409 1.94428 9.84989 2.97036 10.8938C3.99643 11.9376 5.38809 12.5241 6.83918 12.5241C8.29027 12.5241 9.68193 11.9376 10.708 10.8938C11.7341 9.84989 12.3105 8.43409 12.3105 6.95783C12.3105 5.48156 11.7341 4.06576 10.708 3.02189C9.68193 1.97801 8.29027 1.39157 6.83918 1.39157ZM0 6.95783C0 3.11502 3.0619 0 6.83918 0C10.6165 0 13.6784 3.11502 13.6784 6.95783C13.6784 10.8006 10.6165 13.9157 6.83918 13.9157C3.0619 13.9157 0 10.8006 0 6.95783Z"
          />
          <path
            d="M6.83838 5.56633C7.01976 5.56633 7.19372 5.63964 7.32198 5.77012C7.45024 5.90061 7.5223 6.07758 7.5223 6.26212V10.4368C7.5223 10.6213 7.45024 10.7983 7.32198 10.9288C7.19372 11.0593 7.01976 11.1326 6.83838 11.1326C6.65699 11.1326 6.48303 11.0593 6.35477 10.9288C6.22651 10.7983 6.15446 10.6213 6.15446 10.4368V6.26212C6.15446 6.07758 6.22651 5.90061 6.35477 5.77012C6.48303 5.63964 6.65699 5.56633 6.83838 5.56633ZM7.86425 3.82688C7.86425 4.10368 7.75617 4.36914 7.56378 4.56487C7.37139 4.76059 7.11046 4.87055 6.83838 4.87055C6.5663 4.87055 6.30536 4.76059 6.11297 4.56487C5.92058 4.36914 5.8125 4.10368 5.8125 3.82688C5.8125 3.55008 5.92058 3.28461 6.11297 3.08889C6.30536 2.89316 6.5663 2.7832 6.83838 2.7832C7.11046 2.7832 7.37139 2.89316 7.56378 3.08889C7.75617 3.28461 7.86425 3.55008 7.86425 3.82688Z"
          />
        </svg>
      </button>
      <img
        alt=""
        src="overview_percentage.png"
      />
      <div
        class="presentation"
      >
        <p>
          2.03%
        </p>
        <h1>
          Dividend yield
        </h1>
      </div>
    </div>
  </div>
</div>
`;
