// Jest Snapshot v1, https://goo.gl/fbAQLP

exports[`test in error404 page Snapshot 1`] = `
<div>
  <div
    class="z-[60] absolute left-0 top-0 bg-white w-full h-full flex items-center justify-center"
  >
    <div
      class="flex flex-col items-center"
    >
      <div
        class="flex items-center justify-center"
      >
        <h4
          class="-rotate-90 text-red-600 text-2xl uppercase font-bold"
        >
          error
        </h4>
        <h2
          class="text-9xl font-bold text-red-600 "
        >
          404
        </h2>
      </div>
      <span
        class="my-3 text-lg "
      >
        The page you are trying to find does not exist
      </span>
      <button
        class="btn-footer mt-2 w-full"
      >
        Go home
      </button>
    </div>
  </div>
</div>
`;
