// Jest Snapshot v1, https://goo.gl/fbAQLP

exports[`test Summary Page snapshot 1`] = `ReactWrapper {}`;
