// Jest Snapshot v1, https://goo.gl/fbAQLP

exports[`test at <CheckAll /> should match snapshot 1`] = `ReactWrapper {}`;
