// Jest Snapshot v1, https://goo.gl/fbAQLP

exports[`test in checkbok table should match snapshot 1`] = `ReactWrapper {}`;
