// Jest Snapshot v1, https://goo.gl/fbAQLP

exports[`Rebalance Backtest - Totals component Snapshot 1`] = `
<div>
  <div
    class="grid grid-cols-3 gap-x-11 w-full"
  >
    <div
      class="undefined p-3 shadow-md border border-gray-500 shadow-gray-400 rounded-lg bg-white !px-3 !py-5 flex flex-col"
    >
      <div
        class="flex flex-row justify-between relative "
      >
        <h3
          class="font-bold text-neutral-600 text-sm"
        >
          Expected tracking error
        </h3>
        <div
          class="bg-red-200 icon-bg !h-8 !w-8"
        >
          <svg
            fill="none"
            height="16"
            viewBox="0 0 20 20"
            width="16"
            xmlns="http://www.w3.org/2000/svg"
          >
            <path
              d="M10 0C8.02219 0 6.08879 0.58649 4.4443 1.6853C2.79981 2.78412 1.51809 4.3459 0.761209 6.17316C0.00433286 8.00043 -0.1937 10.0111 0.192152 11.9509C0.578004 13.8907 1.53041 15.6725 2.92894 17.0711C4.32746 18.4696 6.10929 19.422 8.0491 19.8078C9.98891 20.1937 11.9996 19.9957 13.8268 19.2388C15.6541 18.4819 17.2159 17.2002 18.3147 15.5557C19.4135 13.9112 20 11.9778 20 10C20 7.34783 18.9464 4.8043 17.0711 2.92893C15.1957 1.05357 12.6522 0 10 0ZM8.75834 5C8.75834 4.66848 8.89003 4.35054 9.12445 4.11612C9.35887 3.8817 9.67682 3.75 10.0083 3.75C10.3399 3.75 10.6578 3.8817 10.8922 4.11612C11.1266 4.35054 11.2583 4.66848 11.2583 5V10.7417C11.2583 10.9058 11.226 11.0684 11.1632 11.22C11.1004 11.3717 11.0083 11.5095 10.8922 11.6255C10.7761 11.7416 10.6383 11.8337 10.4867 11.8965C10.335 11.9593 10.1725 11.9917 10.0083 11.9917C9.84418 11.9917 9.68164 11.9593 9.52998 11.8965C9.37832 11.8337 9.24053 11.7416 9.12445 11.6255C9.00838 11.5095 8.9163 11.3717 8.85349 11.22C8.79067 11.0684 8.75834 10.9058 8.75834 10.7417V5ZM10 16.25C9.71652 16.25 9.43939 16.1659 9.20368 16.0084C8.96797 15.8509 8.78426 15.6271 8.67577 15.3652C8.56729 15.1033 8.53891 14.8151 8.59421 14.537C8.64952 14.259 8.78603 14.0036 8.98648 13.8031C9.18694 13.6027 9.44233 13.4662 9.72037 13.4109C9.99841 13.3556 10.2866 13.384 10.5485 13.4924C10.8104 13.6009 11.0343 13.7846 11.1918 14.0203C11.3493 14.2561 11.4333 14.5332 11.4333 14.8167C11.4333 15.1968 11.2823 15.5614 11.0135 15.8302C10.7447 16.099 10.3801 16.25 10 16.25Z"
              fill="#E24646"
            />
          </svg>
        </div>
      </div>
      <span
        class="text-neutral-600 font-semibold text-2xl"
      >
        1.301 %
      </span>
    </div>
    <div
      class="undefined p-3 shadow-md border border-gray-500 shadow-gray-400 rounded-lg bg-white !px-3 !py-5 flex flex-col"
    >
      <div
        class="flex flex-row justify-between relative "
      >
        <h3
          class="font-bold text-neutral-600 text-sm"
        >
          Unrealized losses to harvest
        </h3>
        <div
          class="bg-green-200 icon-bg !h-8 !w-8"
        >
          <svg
            fill="none"
            height="16"
            viewBox="0 0 21 20"
            width="16"
            xmlns="http://www.w3.org/2000/svg"
          >
            <path
              clip-rule="evenodd"
              d="M10.6816 0.25C12.5181 0.249992 13.9577 0.249985 15.0999 0.373728C16.2654 0.500006 17.2098 0.762324 18.0161 1.34815C18.5043 1.70281 18.9335 2.13209 19.2882 2.62024C19.874 3.42656 20.1363 4.37094 20.2626 5.53648C20.3864 6.67859 20.3864 8.11816 20.3864 9.95465V10.0453C20.3864 11.8818 20.3864 13.3214 20.2626 14.4635C20.1363 15.6291 19.874 16.5734 19.2882 17.3798C18.9335 17.8679 18.5043 18.2972 18.0161 18.6518C17.2098 19.2377 16.2654 19.5 15.0999 19.6263C13.9578 19.75 12.5182 19.75 10.6817 19.75H10.5911C8.75459 19.75 7.31494 19.75 6.17283 19.6263C5.00729 19.5 4.06291 19.2377 3.25659 18.6518C2.76844 18.2972 2.33916 17.8679 1.98451 17.3798C1.39868 16.5734 1.13636 15.6291 1.01008 14.4635C0.886338 13.3214 0.886345 11.8818 0.886353 10.0452V9.95475C0.886345 8.11821 0.886338 6.67861 1.01008 5.53648C1.13636 4.37094 1.39868 3.42656 1.98451 2.62024C2.33916 2.13209 2.76844 1.70281 3.25659 1.34815C4.06291 0.762324 5.00729 0.500006 6.17283 0.373728C7.31497 0.249985 8.75457 0.249992 10.5911 0.25H10.6816ZM16.3097 7.47315C16.4921 7.10127 16.3385 6.65192 15.9667 6.4695C15.5948 6.28708 15.1454 6.44067 14.963 6.81255L13.5027 9.7896C13.05 10.7124 11.7197 10.6673 11.3305 9.71602C10.4514 7.56697 7.4459 7.46517 6.42333 9.54979L4.963 12.5268C4.78058 12.8987 4.93417 13.3481 5.30605 13.5305C5.67794 13.7129 6.12729 13.5593 6.3097 13.1874L7.77004 10.2104C8.22268 9.28763 9.55304 9.3327 9.94219 10.284C10.8213 12.433 13.8268 12.5348 14.8494 10.4502L16.3097 7.47315Z"
              fill="#00A393"
              fill-rule="evenodd"
            />
          </svg>
        </div>
      </div>
      <span
        class="text-neutral-600 font-semibold text-2xl"
      >
        $ 0
      </span>
      <span
        class="text-neutral-500 text-sm mt-2"
      >
        % of outstandig balance: 
        0
         %
      </span>
      <span
        class="text-neutral-500 text-sm mt-2"
      >
        Number of positions: 
        75
      </span>
    </div>
    <div
      class="undefined p-3 shadow-md border border-gray-500 shadow-gray-400 rounded-lg bg-white !px-3 !py-5 flex flex-col"
    >
      <div
        class="flex flex-row justify-between relative "
      >
        <h3
          class="font-bold text-neutral-600 text-sm"
        >
          Realized capital gains
        </h3>
        <div
          class="bg-blue-200 icon-bg !h-8 !w-8"
        >
          <svg
            fill="none"
            height="16"
            viewBox="0 0 21 21"
            width="16"
            xmlns="http://www.w3.org/2000/svg"
          >
            <path
              d="M16 11.4988C17.1046 11.4988 18.0221 12.405 17.7787 13.4824C17.5367 14.5534 17.0995 15.5766 16.4832 16.4989C15.4943 17.979 14.0887 19.1325 12.4442 19.8137C10.7996 20.4949 8.99002 20.6731 7.24419 20.3259C5.49836 19.9786 3.89472 19.1214 2.63604 17.8628C1.37737 16.6041 0.520203 15.0004 0.172937 13.2546C-0.17433 11.5088 0.00389957 9.69919 0.685088 8.05465C1.36628 6.41012 2.51983 5.00451 3.99987 4.01558C4.92216 3.39932 5.94542 2.96212 7.0164 2.72012C8.0938 2.47666 9 3.39423 9 4.4988V6.4988C9 9.26023 11.2386 11.4988 14 11.4988H16Z"
              fill="#3CB4EE"
            />
            <path
              d="M12 3.03307C12 1.08115 13.6408 -0.563083 15.4442 0.183886C16.5361 0.636178 17.5282 1.29911 18.364 2.13484C19.1997 2.97057 19.8626 3.96272 20.3149 5.05465C21.0619 6.85799 19.4177 8.4988 17.4657 8.4988H16.5C14.0147 8.4988 12 6.48408 12 3.9988V3.03307Z"
              fill="#3CB4EE"
            />
          </svg>
        </div>
      </div>
      <span
        class="text-neutral-600 font-semibold text-2xl"
      >
        $ 0
      </span>
      <span
        class="text-neutral-500 text-sm mt-2"
      >
        % of outstandig balance: 
        0
         %
      </span>
      <span
        class="text-neutral-500 text-sm mt-2"
      >
        Number of positions: 
        75
      </span>
    </div>
  </div>
</div>
`;
