// Jest Snapshot v1, https://goo.gl/fbAQLP

exports[`Risk Returns component Snapshot 1`] = `
<div>
  <div />
</div>
`;
