// Jest Snapshot v1, https://goo.gl/fbAQLP

exports[`Sectors component Snapshot 1`] = `
<div>
  <div
    class=""
  >
    <div
      class="text-[#6C8394] text-sm"
    >
      <div
        class="flex justify-center items-center"
      >
        <div
          class="h-3 w-3 rounded-sm bg-[#21BAB7]"
        />
        <span
          class="ml-2"
        >
          Porftolio
        </span>
        <div
          class="ml-2 h-3 w-3 rounded-sm bg-[#3CB4EE]"
        />
        <span
          class="ml-2"
        >
          Benchmark
        </span>
      </div>
    </div>
    <div
      class="-mt-12"
    >
      <div />
    </div>
  </div>
</div>
`;
