// Jest Snapshot v1, https://goo.gl/fbAQLP

exports[`Value at Risk component Snapshot 1`] = `
<div>
  <div />
</div>
`;
