// Jest Snapshot v1, https://goo.gl/fbAQLP

exports[`test at ListSuggestion component should match snapshot 1`] = `
<div>
  <div
    class="absolute top-[62px] w-full bg-white custom_cell py-2 max-h-80 rounded-lg shadow-md selector overflow-y-scroll z-20 scroll"
    style="opacity: 1; transform: scale(1, 1); transform-origin: 0 0 0; transition: opacity 500ms cubic-bezier(0.4, 0, 0.2, 1) 0ms,transform 333ms cubic-bezier(0.4, 0, 0.2, 1) 0ms;"
  >
    <div
      class="flex flex-col items-center justify-center"
    >
      <button
        class="transition-all duration-75 hover:bg-[#0BACA9]/30 m-1 p-1 text-left rounded-md cursor-pointer block w-[96%] bg-[#0BACA9]/30"
        data-testid="button-TSLA"
        tabindex="0"
        type="button"
      >
        TSLA
         - 
        Tesla
      </button>
      <button
        class="transition-all duration-75 hover:bg-[#0BACA9]/30 m-1 p-1 text-left rounded-md cursor-pointer block w-[96%] false"
        data-testid="button-AAPL"
        tabindex="0"
        type="button"
      >
        AAPL
         - 
        Apple
      </button>
    </div>
  </div>
</div>
`;
