// Jest Snapshot v1, https://goo.gl/fbAQLP

exports[`test in leftbar component Render <Leftbar /> 1`] = `
<div>
  <div
    class="Sidebar false undefined"
    data-testid="leftbar"
    id="active"
  >
    <div
      class="top_area"
    >
      <a
        href="/"
      >
        <img
          alt=""
          class="logo"
          src="dashboard_logo.png"
        />
      </a>
      <span
        class="bars"
      >
        <img
          alt=""
          src="dashboard_bars.png"
        />
      </span>
    </div>
    <nav>
      <a
        aria-current="page"
        class="link not active"
        data-testid="leftbar-link"
        href="/"
      >
        <svg
          fill="currentColor"
          height="23"
          viewBox="0 0 23 23"
          width="23"
          xmlns="http://www.w3.org/2000/svg"
        >
          <path
            d="M12.7835 0.819572C12.6812 0.716454 12.5595 0.634607 12.4254 0.578752C12.2914 0.522897 12.1476 0.494141 12.0023 0.494141C11.8571 0.494141 11.7133 0.522897 11.5792 0.578752C11.4452 0.634607 11.3235 0.716454 11.2212 0.819572L1.31957 10.7212C1.21645 10.8235 1.13461 10.9452 1.07875 11.0792C1.0229 11.2133 0.994141 11.3571 0.994141 11.5023C0.994141 11.6476 1.0229 11.7914 1.07875 11.9254C1.13461 12.0595 1.21645 12.1812 1.31957 12.2835C1.42237 12.3854 1.54429 12.4661 1.67833 12.5208C1.81238 12.5756 1.95591 12.6033 2.1007 12.6025H3.20088V20.3038C3.20088 20.8874 3.4327 21.447 3.84535 21.8597C4.258 22.2723 4.81767 22.5041 5.40124 22.5041H18.6034C19.187 22.5041 19.7467 22.2723 20.1593 21.8597C20.5719 21.447 20.8038 20.8874 20.8038 20.3038V12.6025H21.904C22.1957 12.6025 22.4756 12.4866 22.6819 12.2803C22.8882 12.074 23.0041 11.7941 23.0041 11.5023C23.005 11.3575 22.9772 11.214 22.9225 11.08C22.8677 10.9459 22.787 10.824 22.6851 10.7212L12.7835 0.819572ZM5.40124 20.3038V9.75304L12.0023 3.15196L18.6034 9.75304V20.3038H5.40124Z"
          />
        </svg>
         
        <span
          class="ml-3"
        >
          Home
        </span>
      </a>
      <a
        class="link not"
        data-testid="leftbar-link"
        href="/workflow"
      >
        <svg
          fill="currentColor"
          height="23"
          viewBox="0 0 26 26"
          width="23"
          xmlns="http://www.w3.org/2000/svg"
        >
          <path
            d="M12.3208 0.813477L0.25 6.60554V9.61888H25.25V6.58955L12.3208 0.813477ZM23.5833 7.95789H1.91667V7.64926L12.3459 2.64492L23.5833 7.66525V7.95789ZM0.25 25.8135H25.25V20.4153H0.25V25.8135ZM1.91667 22.0763H23.5833V24.1525H1.91667V22.0763ZM3.16667 10.8646H4.83333V19.1695H3.16667V10.8646ZM20.6667 10.8646H22.3333V19.1695H20.6667V10.8646ZM9 10.8646H10.6667V19.1695H9V10.8646ZM14.8333 10.8646H16.5V19.1695H14.8333V10.8646Z"
          />
        </svg>
         
        <span
          class="ml-3"
        >
          Portfolio Builder
        </span>
      </a>
      <a
        class="link not"
        data-testid="leftbar-link"
        href="/universe-screener"
      >
        <svg
          fill="currentColor"
          height="22"
          viewBox="0 0 18 18"
          width="22"
          xmlns="http://www.w3.org/2000/svg"
        >
          <path
            d="M10.5 18H7.5C7.10218 18 6.72064 17.842 6.43934 17.5607C6.15804 17.2794 6 16.8978 6 16.5V10.8075L0.4425 5.25C0.160809 4.96999 0.00167459 4.58968 0 4.1925V1.5C0 1.10218 0.158035 0.720644 0.43934 0.43934C0.720644 0.158035 1.10218 0 1.5 0H16.5C16.8978 0 17.2794 0.158035 17.5607 0.43934C17.842 0.720644 18 1.10218 18 1.5V4.1925C17.9983 4.58968 17.8392 4.96999 17.5575 5.25L12 10.8075V16.5C12 16.8978 11.842 17.2794 11.5607 17.5607C11.2794 17.842 10.8978 18 10.5 18ZM1.5 1.5V4.1925L7.5 10.1925V16.5H10.5V10.1925L16.5 4.1925V1.5H1.5Z"
          />
        </svg>
         
        <span
          class="ml-3"
        >
          Screener
        </span>
      </a>
    </nav>
  </div>
</div>
`;
